GNU Tool Chain  

Linker command line:

--edf=E:\c\CCompiler\Compiler\Compiler\data\dat\en_msgs.txt -cs \
  -h+learn.sym --cmf=learn.cmf -z -QFT62F08X \
  -oC:\Users\Administrator\AppData\Local\Temp\s7ks.2 -Mlearn.map -E1 \
  -ver=XC8 -ASTACK=02012h-023efh -pstack=STACK -p_ad3nop_text=3h \
  -ACODE=00h-07FFhx4 -ASTRCODE=00h-01FFFh -ASTRING=00h-0FFhx32 \
  -ACONST=00h-0FFhx32 -AENTRY=00h-0FFhx32 -ACOMMON=070h-07Fh \
  -ABANK0=020h-06Fh -ABANK1=0A0h-0EFh -ABANK2=0120h-016Fh \
  -ABANK3=01A0h-01EFh -ABANK4=0220h-026Fh -ABANK5=02A0h-02EFh \
  -ABANK6=0320h-036Fh -ABANK7=03A0h-03EFh -ABANK8=0420h-046Fh \
  -ABANK9=04A0h-04EFh -ABANK10=0520h-056Fh -ABANK11=05A0h-05EFh \
  -ABANK12=0620h-064Fh -ABIGRAM=02000h-023EFh \
  -ARAM=020h-06Fh,0A0h-0EFh,0120h-016Fh,01A0h-01EFh,0220h-026Fh,02A0h-02EFh,0320h-036Fh,03A0h-03EFh,0420h-046Fh,04A0h-04EFh,0520h-056Fh,05A0h-05EFh,0620h-064Fh \
  -AABS1=020h-07Fh,0A0h-0EFh,0120h-016Fh,01A0h-01EFh,0220h-026Fh,02A0h-02EFh,0320h-036Fh,03A0h-03EFh,0420h-046Fh,04A0h-04EFh,0520h-056Fh,05A0h-05EFh,0620h-064Fh \
  -ASFR0=00h-01Fh -ASFR1=080h-09Fh -ASFR2=0100h-011Fh -ASFR3=0180h-019Fh \
  -ASFR4=0200h-021Fh -ASFR5=0280h-029Fh -ASFR6=0300h-031Fh \
  -ASFR7=0380h-039Fh -ASFR8=0400h-041Fh -ASFR9=0480h-049Fh \
  -ASFR10=0500h-051Fh -ASFR11=0580h-059Fh -ASFR12=0600h-061Fh \
  -ASFR13=0680h-06EFh -ASFR14=0700h-076Fh -ASFR15=0780h-07EFh \
  -ASFR16=0800h-086Fh -ASFR17=0880h-08EFh -ASFR18=0900h-096Fh \
  -ASFR19=0980h-09EFh -ASFR20=0A00h-0A6Fh -ASFR21=0A80h-0AEFh \
  -ASFR22=0B00h-0B6Fh -ASFR23=0B80h-0BEFh -ASFR24=0C00h-0C6Fh \
  -ASFR25=0C80h-0CEFh -ASFR26=0D00h-0D6Fh -ASFR27=0D80h-0DEFh \
  -ASFR28=0E00h-0E6Fh -ASFR29=0E80h-0EEFh -ASFR30=0F00h-0F6Fh \
  -ASFR31=0F80h-0FEFh -preset_vec=00h,intentry=04h,init,end_init \
  -ppowerup=CODE -pcinit=CODE -pfunctab=ENTRY -ACONFIG=08007h-08008h \
  -pconfig=CONFIG -DCONFIG=2 -AIDLOC=08000h-08003h -pidloc=IDLOC -DIDLOC=2 \
  -AEEDATA=00h-0FFh/0F000h -peeprom_data=EEDATA -DEEDATA=2 -DCODE=2 \
  -DSTRCODE=2 -DSTRING=2 -DCONST=2 -DENTRY=2 -k \
  C:\Users\Administrator\AppData\Local\Temp\s7ks.obj learn.obj 

Object code version is 3.11

Machine type is FT62F08X



                Name                               Link     Load   Length Selector   Space Scale
C:\Users\Administrator\AppData\Local\Temp\s7ks.obj
                end_init                              D        D        2        8       0
                reset_vec                             0        0        2        0       0
learn.obj       cinit                                 F        F      307        8       0
                intentry                              4        4        9        8       0
                cstackBANK0                          20       20        D       20       1
                cstackCOMMON                         72       72        C       72       1
                bssBANK0                             2D       2D        5       20       1
                _ad3nop_text                          3        3        1        6       0

TOTAL           Name                               Link     Load   Length     Space
        CLASS   STACK          

        CLASS   CODE           
                end_init                              D        D        2         0
                cinit                                 F        F      307         0
                intentry                              4        4        9         0
                reset_vec                             0        0        2         0
                _ad3nop_text                          3        3        1         0

        CLASS   STRCODE        

        CLASS   STRING         

        CLASS   CONST          

        CLASS   ENTRY          

        CLASS   COMMON         
                cstackCOMMON                         72       72        C         1

        CLASS   BANK0          
                cstackBANK0                          20       20        D         1
                bssBANK0                             2D       2D        5         1

        CLASS   BANK1          

        CLASS   BANK2          

        CLASS   BANK3          

        CLASS   BANK4          

        CLASS   BANK5          

        CLASS   BANK6          

        CLASS   BANK7          

        CLASS   BANK8          

        CLASS   BANK9          

        CLASS   BANK10         

        CLASS   BANK11         

        CLASS   BANK12         

        CLASS   BIGRAM         

        CLASS   RAM            

        CLASS   ABS1           
                abs_s1                               70       70        2         1
                abs_s1                               7E       7E        2         1

        CLASS   SFR0           

        CLASS   SFR1           

        CLASS   SFR2           

        CLASS   SFR3           

        CLASS   SFR4           

        CLASS   SFR5           

        CLASS   SFR6           

        CLASS   SFR7           

        CLASS   SFR8           

        CLASS   SFR9           

        CLASS   SFR10          

        CLASS   SFR11          

        CLASS   SFR12          

        CLASS   SFR13          

        CLASS   SFR14          

        CLASS   SFR15          

        CLASS   SFR16          

        CLASS   SFR17          

        CLASS   SFR18          

        CLASS   SFR19          

        CLASS   SFR20          

        CLASS   SFR21          

        CLASS   SFR22          

        CLASS   SFR23          

        CLASS   SFR24          

        CLASS   SFR25          

        CLASS   SFR26          

        CLASS   SFR27          

        CLASS   SFR28          

        CLASS   SFR29          

        CLASS   SFR30          

        CLASS   SFR31          

        CLASS   CONFIG         

        CLASS   IDLOC          

        CLASS   EEDATA         

        CLASS   BANK31         

        CLASS   BANK30         

        CLASS   BANK29         

        CLASS   BANK28         

        CLASS   BANK27         

        CLASS   BANK26         

        CLASS   BANK25         

        CLASS   BANK24         

        CLASS   BANK23         

        CLASS   BANK22         

        CLASS   BANK21         

        CLASS   BANK20         

        CLASS   BANK19         

        CLASS   BANK18         

        CLASS   BANK17         

        CLASS   BANK16         

        CLASS   BANK15         

        CLASS   BANK14         

        CLASS   BANK13         



SEGMENTS        Name                           Load    Length   Top    Selector   Space  Class     Delta

                reset_vec                      000000  000002  000002         0       0  CODE        2
                _ad3nop_text                   000003  000001  000004         6       0  CODE        2
                intentry                       000004  000312  000316         8       0  CODE        2
                cstackBANK0                    000020  000012  000032        20       1  BANK0       1
                cstackCOMMON                   000072  00000C  00007E        72       1  COMMON      1


UNUSED ADDRESS RANGES

        Name                Unused          Largest block    Delta
        BANK0            0032-006F             3E           1
        BANK1            00A0-00EF             50           1
        BANK10           0520-056F             50           1
        BANK11           05A0-05EF             50           1
        BANK12           0620-064F             30           1
        BANK2            0120-016F             50           1
        BANK3            01A0-01EF             50           1
        BANK4            0220-026F             50           1
        BANK5            02A0-02EF             50           1
        BANK6            0320-036F             50           1
        BANK7            03A0-03EF             50           1
        BANK8            0420-046F             50           1
        BANK9            04A0-04EF             50           1
        BIGRAM           2000-23EF            3F0           1
        CODE             0002-0002              1           2
                         0316-1FFF            800
        CONFIG           8007-8008              2           2
        CONST            0002-0002              1           2
                         0316-1FFF            100
        EEDATA           F000-F0FF            100           2
        ENTRY            0002-0002              1           2
                         0316-1FFF            100
        IDLOC            8000-8003              4           2
        RAM              0032-006F             3E           1
                         00A0-00EF             50
                         0120-016F             50
                         01A0-01EF             50
                         0220-026F             50
                         02A0-02EF             50
                         0320-036F             50
                         03A0-03EF             50
                         0420-046F             50
                         04A0-04EF             50
                         0520-056F             50
                         05A0-05EF             50
                         0620-064F             30
        SFR0             0000-001F             20           1
        SFR1             0080-009F             20           1
        SFR10            0500-051F             20           1
        SFR11            0580-059F             20           1
        SFR12            0600-061F             20           1
        SFR13            0680-06EF             70           1
        SFR14            0700-076F             70           1
        SFR15            0780-07EF             70           1
        SFR16            0800-086F             70           1
        SFR17            0880-08EF             70           1
        SFR18            0900-096F             70           1
        SFR19            0980-09EF             70           1
        SFR2             0100-011F             20           1
        SFR20            0A00-0A6F             70           1
        SFR21            0A80-0AEF             70           1
        SFR22            0B00-0B6F             70           1
        SFR23            0B80-0BEF             70           1
        SFR24            0C00-0C6F             70           1
        SFR25            0C80-0CEF             70           1
        SFR26            0D00-0D6F             70           1
        SFR27            0D80-0DEF             70           1
        SFR28            0E00-0E6F             70           1
        SFR29            0E80-0EEF             70           1
        SFR3             0180-019F             20           1
        SFR30            0F00-0F6F             70           1
        SFR31            0F80-0FEF             70           1
        SFR4             0200-021F             20           1
        SFR5             0280-029F             20           1
        SFR6             0300-031F             20           1
        SFR7             0380-039F             20           1
        SFR8             0400-041F             20           1
        SFR9             0480-049F             20           1
        STACK            2012-23EF            3DE           1
        STRCODE          0002-0002              1           2
                         0316-1FFF           1CEA
        STRING           0002-0002              1           2
                         0316-1FFF            100

                                  Symbol Table

?_ReadTemperature            cstackBANK0  0020
?___lldiv                    cstackBANK0  0020
?___llmod                    cstackCOMMON 0072
?___lwdiv                    cstackCOMMON 0077
?___lwmod                    cstackCOMMON 0072
?___wmul                     cstackCOMMON 0072
DelayMs@Time                 cstackCOMMON 0074
DelayMs@a                    cstackCOMMON 0075
DelayMs@b                    cstackCOMMON 0076
DelayS@Time                  cstackCOMMON 0077
DelayS@a                     cstackCOMMON 0078
DelayS@b                     cstackCOMMON 0079
DelayUs@Time                 cstackCOMMON 0072
DelayUs@a                    cstackCOMMON 0073
Init_DS18B20@cnt             cstackCOMMON 0074
Init_DS18B20@presence        cstackCOMMON 0075
PL2                          cinit        02FC
PL4                          cinit        0305
PL6                          cinit        030C
PL8                          cinit        0311
ReadOneChar@dat              cstackCOMMON 0074
ReadOneChar@i                cstackCOMMON 0075
ReadOneChar@j                bssBANK0     0031
ReadTemperature@THV          cstackBANK0  0025
ReadTemperature@TLV          cstackBANK0  0028
ReadTemperature@TX           cstackBANK0  002A
ReadTemperature@TZ           cstackBANK0  0029
ReadTemperature@ge           cstackBANK0  0026
ReadTemperature@shi          cstackBANK0  0027
ReadTemperature@temperature  cstackBANK0  0023
ReadTemperature@wd           cstackBANK0  002B
WriteOneChar@dat             cstackCOMMON 0074
WriteOneChar@i               cstackCOMMON 0076
WriteOneChar@temp            cstackCOMMON 0075
Write_Max7219@address        cstackCOMMON 007C
Write_Max7219@dat            cstackCOMMON 007B
Write_Max7219_byte@DATA      cstackCOMMON 0072
Write_Max7219_byte@i         cstackCOMMON 0073
_ANSELA                      (abs)        0197
_BSR_TMP                     (abs)        0071
_DelayMs                     cinit        0261
_DelayS                      cinit        0272
_DelayUs                     cinit        0232
_GIE                         (abs)        005F
_INTCON                      (abs)        000B
_ISR                         intentry     0004
_Init_DS18B20                cinit        0211
_Init_MAX7219                cinit        0018
_OSCCON                      (abs)        0099
_PCKEN                       (abs)        009A
_PORTA                       (abs)        000C
_PORTB                       (abs)        000D
_PORTC                       (abs)        000E
_PORTD                       (abs)        000F
_POWER_INITIAL               cinit        0283
_PSINK0                      (abs)        019A
_PSINK1                      (abs)        019B
_PSINK2                      (abs)        019C
_PSINK3                      (abs)        019D
_PSRC0                       (abs)        011A
_PSRC1                       (abs)        011B
_RA5                         (abs)        0065
_RB3                         (abs)        006B
_RC5                         (abs)        0075
_RC6                         (abs)        0076
_ReadOneChar                 cinit        023B
_ReadTemperature             cinit        0113
_T4UIE                       (abs)        0890
_T4UIF                       (abs)        0898
_TRISA                       (abs)        008C
_TRISA5                      (abs)        0465
_TRISB                       (abs)        008D
_TRISB3                      (abs)        046B
_TRISC                       (abs)        008E
_TRISC5                      (abs)        0475
_TRISC6                      (abs)        0476
_TRISD                       (abs)        008F
_WPDA                        (abs)        020C
_WPDB                        (abs)        020D
_WPDC                        (abs)        020E
_WPDD                        (abs)        020F
_WPUA                        (abs)        018C
_WPUB                        (abs)        018D
_WPUC                        (abs)        018E
_WPUD                        (abs)        018F
_W_TMP                       (abs)        0070
_WriteOneChar                cinit        01AB
_Write_Max7219               cinit        0083
_Write_Max7219_byte          cinit        0102
__H_ad3nop_text              _ad3nop_text 0004
__Habs1                      abs1         0000
__Hbank0                     bank0        0000
__Hbank1                     bank1        0000
__Hbank10                    bank10       0000
__Hbank11                    bank11       0000
__Hbank12                    bank12       0000
__Hbank13                    bank13       0000
__Hbank14                    bank14       0000
__Hbank15                    bank15       0000
__Hbank16                    bank16       0000
__Hbank17                    bank17       0000
__Hbank18                    bank18       0000
__Hbank19                    bank19       0000
__Hbank2                     bank2        0000
__Hbank20                    bank20       0000
__Hbank21                    bank21       0000
__Hbank22                    bank22       0000
__Hbank23                    bank23       0000
__Hbank24                    bank24       0000
__Hbank25                    bank25       0000
__Hbank26                    bank26       0000
__Hbank27                    bank27       0000
__Hbank28                    bank28       0000
__Hbank29                    bank29       0000
__Hbank3                     bank3        0000
__Hbank30                    bank30       0000
__Hbank31                    bank31       0000
__Hbank4                     bank4        0000
__Hbank5                     bank5        0000
__Hbank6                     bank6        0000
__Hbank7                     bank7        0000
__Hbank8                     bank8        0000
__Hbank9                     bank9        0000
__Hbigram                    bigram       0000
__HbssBANK0                  bssBANK0     0000
__Hcinit                     cinit        0316
__Hclrtext                   clrtext      0000
__Hcode                      code         0000
__Hcommon                    common       0000
__Hconfig                    config       0000
__HcstackBANK0               cstackBANK0  0000
__HcstackCOMMON              cstackCOMMON 0000
__Heeprom_data               eeprom_data  0000
__Hend_init                  end_init     000F
__Hfunctab                   functab      0000
__Hidloc                     idloc        0000
__Hinit                      init         000D
__Hintentry                  intentry     000D
__Hmaintext                  maintext     0000
__Hpa_nodes0                 pa_nodes0    0000
__Hpowerup                   powerup      0000
__Hram                       ram          0000
__Hreset_vec                 reset_vec    0002
__Hsfr0                      sfr0         0000
__Hsfr1                      sfr1         0000
__Hsfr10                     sfr10        0000
__Hsfr11                     sfr11        0000
__Hsfr12                     sfr12        0000
__Hsfr13                     sfr13        0000
__Hsfr14                     sfr14        0000
__Hsfr15                     sfr15        0000
__Hsfr16                     sfr16        0000
__Hsfr17                     sfr17        0000
__Hsfr18                     sfr18        0000
__Hsfr19                     sfr19        0000
__Hsfr2                      sfr2         0000
__Hsfr20                     sfr20        0000
__Hsfr21                     sfr21        0000
__Hsfr22                     sfr22        0000
__Hsfr23                     sfr23        0000
__Hsfr24                     sfr24        0000
__Hsfr25                     sfr25        0000
__Hsfr26                     sfr26        0000
__Hsfr27                     sfr27        0000
__Hsfr28                     sfr28        0000
__Hsfr29                     sfr29        0000
__Hsfr3                      sfr3         0000
__Hsfr30                     sfr30        0000
__Hsfr31                     sfr31        0000
__Hsfr4                      sfr4         0000
__Hsfr5                      sfr5         0000
__Hsfr6                      sfr6         0000
__Hsfr7                      sfr7         0000
__Hsfr8                      sfr8         0000
__Hsfr9                      sfr9         0000
__Hspace_0                   (abs)        0316
__Hspace_1                   (abs)        007E
__Hspace_2                   (abs)        0000
__Hspace_3                   (abs)        0000
__Hstack                     stack        0000
__Hstrings                   strings      0000
__Htext                      text         0000
__L_ad3nop_text              _ad3nop_text 0003
__Labs1                      abs1         0000
__Lbank0                     bank0        0000
__Lbank1                     bank1        0000
__Lbank10                    bank10       0000
__Lbank11                    bank11       0000
__Lbank12                    bank12       0000
__Lbank13                    bank13       0000
__Lbank14                    bank14       0000
__Lbank15                    bank15       0000
__Lbank16                    bank16       0000
__Lbank17                    bank17       0000
__Lbank18                    bank18       0000
__Lbank19                    bank19       0000
__Lbank2                     bank2        0000
__Lbank20                    bank20       0000
__Lbank21                    bank21       0000
__Lbank22                    bank22       0000
__Lbank23                    bank23       0000
__Lbank24                    bank24       0000
__Lbank25                    bank25       0000
__Lbank26                    bank26       0000
__Lbank27                    bank27       0000
__Lbank28                    bank28       0000
__Lbank29                    bank29       0000
__Lbank3                     bank3        0000
__Lbank30                    bank30       0000
__Lbank31                    bank31       0000
__Lbank4                     bank4        0000
__Lbank5                     bank5        0000
__Lbank6                     bank6        0000
__Lbank7                     bank7        0000
__Lbank8                     bank8        0000
__Lbank9                     bank9        0000
__Lbigram                    bigram       0000
__LbssBANK0                  bssBANK0     0000
__Lcinit                     cinit        000F
__Lclrtext                   clrtext      0000
__Lcode                      code         0000
__Lcommon                    common       0000
__Lconfig                    config       0000
__LcstackBANK0               cstackBANK0  0000
__LcstackCOMMON              cstackCOMMON 0000
__Leeprom_data               eeprom_data  0000
__Lend_init                  end_init     000D
__Lfunctab                   functab      0000
__Lidloc                     idloc        0000
__Linit                      init         000D
__Lintentry                  intentry     0004
__Lmaintext                  maintext     0000
__Lpa_nodes0                 pa_nodes0    0000
__Lpowerup                   powerup      0000
__Lram                       ram          0000
__Lreset_vec                 reset_vec    0000
__Lsfr0                      sfr0         0000
__Lsfr1                      sfr1         0000
__Lsfr10                     sfr10        0000
__Lsfr11                     sfr11        0000
__Lsfr12                     sfr12        0000
__Lsfr13                     sfr13        0000
__Lsfr14                     sfr14        0000
__Lsfr15                     sfr15        0000
__Lsfr16                     sfr16        0000
__Lsfr17                     sfr17        0000
__Lsfr18                     sfr18        0000
__Lsfr19                     sfr19        0000
__Lsfr2                      sfr2         0000
__Lsfr20                     sfr20        0000
__Lsfr21                     sfr21        0000
__Lsfr22                     sfr22        0000
__Lsfr23                     sfr23        0000
__Lsfr24                     sfr24        0000
__Lsfr25                     sfr25        0000
__Lsfr26                     sfr26        0000
__Lsfr27                     sfr27        0000
__Lsfr28                     sfr28        0000
__Lsfr29                     sfr29        0000
__Lsfr3                      sfr3         0000
__Lsfr30                     sfr30        0000
__Lsfr31                     sfr31        0000
__Lsfr4                      sfr4         0000
__Lsfr5                      sfr5         0000
__Lsfr6                      sfr6         0000
__Lsfr7                      sfr7         0000
__Lsfr8                      sfr8         0000
__Lsfr9                      sfr9         0000
__Lspace_0                   (abs)        0000
__Lspace_1                   (abs)        0000
__Lspace_2                   (abs)        0000
__Lspace_3                   (abs)        0000
__Lstack                     stack        0000
__Lstrings                   strings      0000
__Ltext                      text         0000
__S0                         (abs)        0316
__S1                         (abs)        007E
__S2                         (abs)        0000
__S3                         (abs)        0000
___int_sp                    stack        0000
___latbits                   (abs)        0002
___lbdiv                     cinit        02B7
___lbdiv@counter             cstackCOMMON 0074
___lbdiv@dividend            cstackCOMMON 0073
___lbdiv@divisor             cstackCOMMON 0072
___lbdiv@quotient            cstackCOMMON 0075
___lbmod                     cinit        02CF
___lbmod@counter             cstackCOMMON 0075
___lbmod@dividend            cstackCOMMON 0074
___lbmod@divisor             cstackCOMMON 0072
___lbmod@rem                 cstackCOMMON 0076
___lldiv                     cinit        008D
___lldiv@counter             cstackBANK0  002C
___lldiv@dividend            cstackBANK0  0024
___lldiv@divisor             cstackBANK0  0020
___lldiv@quotient            cstackBANK0  0028
___llmod                     cinit        00CC
___llmod@counter             cstackCOMMON 007A
___llmod@dividend            cstackCOMMON 0076
___llmod@divisor             cstackCOMMON 0072
___lwdiv                     cinit        01CC
___lwdiv@counter             cstackCOMMON 007D
___lwdiv@dividend            cstackCOMMON 0079
___lwdiv@divisor             cstackCOMMON 0077
___lwdiv@quotient            cstackCOMMON 007B
___lwmod                     cinit        01F1
___lwmod@counter             cstackCOMMON 0076
___lwmod@dividend            cstackCOMMON 0074
___lwmod@divisor             cstackCOMMON 0072
___sp                        stack        0000
___wmul                      cinit        02E7
___wmul@multiplicand         cstackCOMMON 0074
___wmul@multiplier           cstackCOMMON 0072
___wmul@product              cstackCOMMON 0076
__end_ofPL2                  cinit        0305
__end_ofPL4                  cinit        030C
__end_ofPL6                  cinit        0311
__end_ofPL8                  cinit        0316
__end_of_DelayMs             cinit        0272
__end_of_DelayS              cinit        0283
__end_of_DelayUs             cinit        023B
__end_of_ISR                 intentry     000D
__end_of_Init_DS18B20        cinit        0232
__end_of_Init_MAX7219        cinit        0030
__end_of_POWER_INITIAL       cinit        02B7
__end_of_ReadOneChar         cinit        0261
__end_of_ReadTemperature     cinit        01AB
__end_of_WriteOneChar        cinit        01CC
__end_of_Write_Max7219       cinit        008D
__end_of_Write_Max7219_byte  cinit        0113
__end_of___lbdiv             cinit        02CF
__end_of___lbmod             cinit        02E7
__end_of___lldiv             cinit        00CC
__end_of___llmod             cinit        0102
__end_of___lwdiv             cinit        01F1
__end_of___lwmod             cinit        0211
__end_of___wmul              cinit        02FC
__end_of__initialization     cinit        0015
__end_of_ad3nop              _ad3nop_text 0004
__end_of_main                cinit        0083
__initialization             cinit        000F
__p_ad3nop_text              _ad3nop_text 0003
__pbssBANK0                  bssBANK0     002D
__pcstackBANK0               cstackBANK0  0020
__pcstackCOMMON              cstackCOMMON 0072
__pintentry                  intentry     0004
__pmaintext                  cinit        0030
__ptext1                     cinit        00CC
__ptext10                    cinit        023B
__ptext11                    cinit        0211
__ptext12                    cinit        0283
__ptext13                    cinit        0018
__ptext14                    cinit        0083
__ptext15                    cinit        0102
__ptext16                    cinit        0272
__ptext17                    cinit        0261
__ptext18                    cinit        0232
__ptext2                     cinit        008D
__ptext3                     cinit        0113
__ptext4                     cinit        02E7
__ptext5                     cinit        01F1
__ptext6                     cinit        01CC
__ptext7                     cinit        02CF
__ptext8                     cinit        02B7
__ptext9                     cinit        01AB
__size_of_DelayMs            (abs)        0000
__size_of_DelayS             (abs)        0000
__size_of_DelayUs            (abs)        0000
__size_of_ISR                (abs)        0000
__size_of_Init_DS18B20       (abs)        0000
__size_of_Init_MAX7219       (abs)        0000
__size_of_POWER_INITIAL      (abs)        0000
__size_of_ReadOneChar        (abs)        0000
__size_of_ReadTemperature    (abs)        0000
__size_of_WriteOneChar       (abs)        0000
__size_of_Write_Max7219      (abs)        0000
__size_of_Write_Max7219_byte (abs)        0000
__size_of___lbdiv            (abs)        0000
__size_of___lbmod            (abs)        0000
__size_of___lldiv            (abs)        0000
__size_of___llmod            (abs)        0000
__size_of___lwdiv            (abs)        0000
__size_of___lwmod            (abs)        0000
__size_of___wmul             (abs)        0000
__size_of_main               (abs)        0000
_ad3nop                      _ad3nop_text 0003
_ad3nop_absaddr              (abs)        0003
_cout                        bssBANK0     002D
_main                        cinit        0030
btemp                        (abs)        007E
end_of_initialization        cinit        0015
int$flags                    (abs)        007E
intlevel0                    functab      0000
intlevel1                    functab      0000
intlevel2                    functab      0000
intlevel3                    functab      0000
intlevel4                    functab      0000
intlevel5                    functab      0000
reset_vec                    reset_vec    0000
stackhi                      (abs)        23EF
stacklo                      (abs)        2012
start                        init         000D
start_initialization         cinit        000F
wtemp0                       (abs)        007E


FUNCTION INFORMATION:

 *************** function _main *****************
 Defined at:
		line 632 in file "Learn.C"
 Parameters:    Size  Location     Type
		None
 Auto vars:     Size  Location     Type
		None
 Return value:  Size  Location     Type
                  1    wreg      void 
 Registers used:
		wreg, status,2, status,0, pclath, cstack
 Tracked objects:
		On entry : 
		On exit  : 
		Unchanged: 
 Data sizes:     COMMON   BANK0   BANK1   BANK2   BANK3   BANK4   BANK5   BANK6   BANK7   BANK8   BANK9  BANK10  BANK11  BANK12
      Params:         0       0       0       0       0       0       0       0       0       0       0       0       0       0
      Locals:         0       0       0       0       0       0       0       0       0       0       0       0       0       0
      Temps:          0       0       0       0       0       0       0       0       0       0       0       0       0       0
      Totals:         0       0       0       0       0       0       0       0       0       0       0       0       0       0
Total ram usage:        0 bytes
 Hardware stack levels required when called:    4
 This function calls:
		_DelayMs
		_DelayS
		_Init_MAX7219
		_POWER_INITIAL
		_ReadTemperature
		_Write_Max7219
		___lldiv
		___llmod
 This function is called by:
		Startup code after reset
 This function uses a non-reentrant model


 *************** function ___llmod *****************
 Defined at:
		line 6 in file "E:\c\CCompiler\Compiler\Compiler\data\sources\common\llmod.c"
 Parameters:    Size  Location     Type
  divisor         4    0[COMMON] unsigned long 
  dividend        4    4[COMMON] unsigned long 
 Auto vars:     Size  Location     Type
  counter         1    8[COMMON] unsigned char 
 Return value:  Size  Location     Type
                  4    0[COMMON] unsigned long 
 Registers used:
		wreg, status,2, status,0
 Tracked objects:
		On entry : 
		On exit  : 
		Unchanged: 
 Data sizes:     COMMON   BANK0   BANK1   BANK2   BANK3   BANK4   BANK5   BANK6   BANK7   BANK8   BANK9  BANK10  BANK11  BANK12
      Params:         8       0       0       0       0       0       0       0       0       0       0       0       0       0
      Locals:         1       0       0       0       0       0       0       0       0       0       0       0       0       0
      Temps:          0       0       0       0       0       0       0       0       0       0       0       0       0       0
      Totals:         9       0       0       0       0       0       0       0       0       0       0       0       0       0
Total ram usage:        9 bytes
 Hardware stack levels used:    1
 Hardware stack levels required when called:    1
 This function calls:
		Nothing
 This function is called by:
		_main
 This function uses a non-reentrant model


 *************** function ___lldiv *****************
 Defined at:
		line 6 in file "E:\c\CCompiler\Compiler\Compiler\data\sources\common\lldiv.c"
 Parameters:    Size  Location     Type
  divisor         4    0[BANK0 ] unsigned long 
  dividend        4    4[BANK0 ] unsigned long 
 Auto vars:     Size  Location     Type
  quotient        4    8[BANK0 ] unsigned long 
  counter         1   12[BANK0 ] unsigned char 
 Return value:  Size  Location     Type
                  4    0[BANK0 ] unsigned long 
 Registers used:
		wreg, status,2, status,0
 Tracked objects:
		On entry : 
		On exit  : 
		Unchanged: 
 Data sizes:     COMMON   BANK0   BANK1   BANK2   BANK3   BANK4   BANK5   BANK6   BANK7   BANK8   BANK9  BANK10  BANK11  BANK12
      Params:         0       8       0       0       0       0       0       0       0       0       0       0       0       0
      Locals:         0       5       0       0       0       0       0       0       0       0       0       0       0       0
      Temps:          0       0       0       0       0       0       0       0       0       0       0       0       0       0
      Totals:         0      13       0       0       0       0       0       0       0       0       0       0       0       0
Total ram usage:       13 bytes
 Hardware stack levels used:    1
 Hardware stack levels required when called:    1
 This function calls:
		Nothing
 This function is called by:
		_main
 This function uses a non-reentrant model


 *************** function _ReadTemperature *****************
 Defined at:
		line 584 in file "Learn.C"
 Parameters:    Size  Location     Type
		None
 Auto vars:     Size  Location     Type
  wd              2   11[BANK0 ] unsigned int 
  temperature     2    3[BANK0 ] unsigned int 
  value           2    0        unsigned int 
  TX              1   10[BANK0 ] unsigned char 
  TZ              1    9[BANK0 ] unsigned char 
  TLV             1    8[BANK0 ] unsigned char 
  shi             1    7[BANK0 ] unsigned char 
  ge              1    6[BANK0 ] unsigned char 
  THV             1    5[BANK0 ] unsigned char 
  wanfen          1    0        unsigned char 
  qianfen         1    0        unsigned char 
  baifen          1    0        unsigned char 
  shifen          1    0        unsigned char 
 Return value:  Size  Location     Type
                  2    0[BANK0 ] unsigned int 
 Registers used:
		wreg, status,2, status,0, pclath, cstack
 Tracked objects:
		On entry : 
		On exit  : 
		Unchanged: 
 Data sizes:     COMMON   BANK0   BANK1   BANK2   BANK3   BANK4   BANK5   BANK6   BANK7   BANK8   BANK9  BANK10  BANK11  BANK12
      Params:         0       2       0       0       0       0       0       0       0       0       0       0       0       0
      Locals:         0      10       0       0       0       0       0       0       0       0       0       0       0       0
      Temps:          0       1       0       0       0       0       0       0       0       0       0       0       0       0
      Totals:         0      13       0       0       0       0       0       0       0       0       0       0       0       0
Total ram usage:       13 bytes
 Hardware stack levels used:    1
 Hardware stack levels required when called:    3
 This function calls:
		_DelayMs
		_Init_DS18B20
		_ReadOneChar
		_WriteOneChar
		___lbdiv
		___lbmod
		___lwdiv
		___lwmod
		___wmul
 This function is called by:
		_main
 This function uses a non-reentrant model


 *************** function ___wmul *****************
 Defined at:
		line 15 in file "E:\c\CCompiler\Compiler\Compiler\data\sources\common\Umul16.c"
 Parameters:    Size  Location     Type
  multiplier      2    0[COMMON] unsigned int 
  multiplicand    2    2[COMMON] unsigned int 
 Auto vars:     Size  Location     Type
  product         2    4[COMMON] unsigned int 
 Return value:  Size  Location     Type
                  2    0[COMMON] unsigned int 
 Registers used:
		wreg, status,2, status,0
 Tracked objects:
		On entry : 
		On exit  : 
		Unchanged: 
 Data sizes:     COMMON   BANK0   BANK1   BANK2   BANK3   BANK4   BANK5   BANK6   BANK7   BANK8   BANK9  BANK10  BANK11  BANK12
      Params:         4       0       0       0       0       0       0       0       0       0       0       0       0       0
      Locals:         2       0       0       0       0       0       0       0       0       0       0       0       0       0
      Temps:          0       0       0       0       0       0       0       0       0       0       0       0       0       0
      Totals:         6       0       0       0       0       0       0       0       0       0       0       0       0       0
Total ram usage:        6 bytes
 Hardware stack levels used:    1
 Hardware stack levels required when called:    1
 This function calls:
		Nothing
 This function is called by:
		_ReadTemperature
 This function uses a non-reentrant model


 *************** function ___lwmod *****************
 Defined at:
		line 6 in file "E:\c\CCompiler\Compiler\Compiler\data\sources\common\lwmod.c"
 Parameters:    Size  Location     Type
  divisor         2    0[COMMON] unsigned int 
  dividend        2    2[COMMON] unsigned int 
 Auto vars:     Size  Location     Type
  counter         1    4[COMMON] unsigned char 
 Return value:  Size  Location     Type
                  2    0[COMMON] unsigned int 
 Registers used:
		wreg, status,2, status,0
 Tracked objects:
		On entry : 
		On exit  : 
		Unchanged: 
 Data sizes:     COMMON   BANK0   BANK1   BANK2   BANK3   BANK4   BANK5   BANK6   BANK7   BANK8   BANK9  BANK10  BANK11  BANK12
      Params:         4       0       0       0       0       0       0       0       0       0       0       0       0       0
      Locals:         1       0       0       0       0       0       0       0       0       0       0       0       0       0
      Temps:          0       0       0       0       0       0       0       0       0       0       0       0       0       0
      Totals:         5       0       0       0       0       0       0       0       0       0       0       0       0       0
Total ram usage:        5 bytes
 Hardware stack levels used:    1
 Hardware stack levels required when called:    1
 This function calls:
		Nothing
 This function is called by:
		_ReadTemperature
 This function uses a non-reentrant model


 *************** function ___lwdiv *****************
 Defined at:
		line 6 in file "E:\c\CCompiler\Compiler\Compiler\data\sources\common\lwdiv.c"
 Parameters:    Size  Location     Type
  divisor         2    5[COMMON] unsigned int 
  dividend        2    7[COMMON] unsigned int 
 Auto vars:     Size  Location     Type
  quotient        2    9[COMMON] unsigned int 
  counter         1   11[COMMON] unsigned char 
 Return value:  Size  Location     Type
                  2    5[COMMON] unsigned int 
 Registers used:
		wreg, status,2, status,0
 Tracked objects:
		On entry : 
		On exit  : 
		Unchanged: 
 Data sizes:     COMMON   BANK0   BANK1   BANK2   BANK3   BANK4   BANK5   BANK6   BANK7   BANK8   BANK9  BANK10  BANK11  BANK12
      Params:         4       0       0       0       0       0       0       0       0       0       0       0       0       0
      Locals:         3       0       0       0       0       0       0       0       0       0       0       0       0       0
      Temps:          0       0       0       0       0       0       0       0       0       0       0       0       0       0
      Totals:         7       0       0       0       0       0       0       0       0       0       0       0       0       0
Total ram usage:        7 bytes
 Hardware stack levels used:    1
 Hardware stack levels required when called:    1
 This function calls:
		Nothing
 This function is called by:
		_ReadTemperature
 This function uses a non-reentrant model


 *************** function ___lbmod *****************
 Defined at:
		line 4 in file "E:\c\CCompiler\Compiler\Compiler\data\sources\common\lbmod.c"
 Parameters:    Size  Location     Type
  dividend        1    wreg     unsigned char 
  divisor         1    0[COMMON] unsigned char 
 Auto vars:     Size  Location     Type
  dividend        1    2[COMMON] unsigned char 
  rem             1    4[COMMON] unsigned char 
  counter         1    3[COMMON] unsigned char 
 Return value:  Size  Location     Type
                  1    wreg      unsigned char 
 Registers used:
		wreg, status,2, status,0
 Tracked objects:
		On entry : 
		On exit  : 
		Unchanged: 
 Data sizes:     COMMON   BANK0   BANK1   BANK2   BANK3   BANK4   BANK5   BANK6   BANK7   BANK8   BANK9  BANK10  BANK11  BANK12
      Params:         1       0       0       0       0       0       0       0       0       0       0       0       0       0
      Locals:         3       0       0       0       0       0       0       0       0       0       0       0       0       0
      Temps:          1       0       0       0       0       0       0       0       0       0       0       0       0       0
      Totals:         5       0       0       0       0       0       0       0       0       0       0       0       0       0
Total ram usage:        5 bytes
 Hardware stack levels used:    1
 Hardware stack levels required when called:    1
 This function calls:
		Nothing
 This function is called by:
		_ReadTemperature
 This function uses a non-reentrant model


 *************** function ___lbdiv *****************
 Defined at:
		line 4 in file "E:\c\CCompiler\Compiler\Compiler\data\sources\common\lbdiv.c"
 Parameters:    Size  Location     Type
  dividend        1    wreg     unsigned char 
  divisor         1    0[COMMON] unsigned char 
 Auto vars:     Size  Location     Type
  dividend        1    1[COMMON] unsigned char 
  quotient        1    3[COMMON] unsigned char 
  counter         1    2[COMMON] unsigned char 
 Return value:  Size  Location     Type
                  1    wreg      unsigned char 
 Registers used:
		wreg, status,2, status,0
 Tracked objects:
		On entry : 
		On exit  : 
		Unchanged: 
 Data sizes:     COMMON   BANK0   BANK1   BANK2   BANK3   BANK4   BANK5   BANK6   BANK7   BANK8   BANK9  BANK10  BANK11  BANK12
      Params:         1       0       0       0       0       0       0       0       0       0       0       0       0       0
      Locals:         3       0       0       0       0       0       0       0       0       0       0       0       0       0
      Temps:          0       0       0       0       0       0       0       0       0       0       0       0       0       0
      Totals:         4       0       0       0       0       0       0       0       0       0       0       0       0       0
Total ram usage:        4 bytes
 Hardware stack levels used:    1
 Hardware stack levels required when called:    1
 This function calls:
		Nothing
 This function is called by:
		_ReadTemperature
 This function uses a non-reentrant model


 *************** function _WriteOneChar *****************
 Defined at:
		line 567 in file "Learn.C"
 Parameters:    Size  Location     Type
  dat             1    wreg     unsigned char 
 Auto vars:     Size  Location     Type
  dat             1    2[COMMON] unsigned char 
  i               1    4[COMMON] unsigned char 
  temp            1    3[COMMON] unsigned char 
 Return value:  Size  Location     Type
                  1    wreg      void 
 Registers used:
		wreg, status,2, status,0, pclath, cstack
 Tracked objects:
		On entry : 
		On exit  : 
		Unchanged: 
 Data sizes:     COMMON   BANK0   BANK1   BANK2   BANK3   BANK4   BANK5   BANK6   BANK7   BANK8   BANK9  BANK10  BANK11  BANK12
      Params:         0       0       0       0       0       0       0       0       0       0       0       0       0       0
      Locals:         3       0       0       0       0       0       0       0       0       0       0       0       0       0
      Temps:          0       0       0       0       0       0       0       0       0       0       0       0       0       0
      Totals:         3       0       0       0       0       0       0       0       0       0       0       0       0       0
Total ram usage:        3 bytes
 Hardware stack levels used:    1
 Hardware stack levels required when called:    2
 This function calls:
		_DelayUs
 This function is called by:
		_ReadTemperature
 This function uses a non-reentrant model


 *************** function _ReadOneChar *****************
 Defined at:
		line 548 in file "Learn.C"
 Parameters:    Size  Location     Type
		None
 Auto vars:     Size  Location     Type
  i               1    3[COMMON] unsigned char 
  dat             1    2[COMMON] unsigned char 
 Return value:  Size  Location     Type
                  1    wreg      unsigned char 
 Registers used:
		wreg, status,2, status,0, pclath, cstack
 Tracked objects:
		On entry : 
		On exit  : 
		Unchanged: 
 Data sizes:     COMMON   BANK0   BANK1   BANK2   BANK3   BANK4   BANK5   BANK6   BANK7   BANK8   BANK9  BANK10  BANK11  BANK12
      Params:         0       0       0       0       0       0       0       0       0       0       0       0       0       0
      Locals:         2       0       0       0       0       0       0       0       0       0       0       0       0       0
      Temps:          0       0       0       0       0       0       0       0       0       0       0       0       0       0
      Totals:         2       0       0       0       0       0       0       0       0       0       0       0       0       0
Total ram usage:        2 bytes
 Hardware stack levels used:    1
 Hardware stack levels required when called:    2
 This function calls:
		_DelayUs
 This function is called by:
		_ReadTemperature
 This function uses a non-reentrant model


 *************** function _Init_DS18B20 *****************
 Defined at:
		line 530 in file "Learn.C"
 Parameters:    Size  Location     Type
		None
 Auto vars:     Size  Location     Type
  presence        1    3[COMMON] unsigned char 
  cnt             1    2[COMMON] unsigned char 
 Return value:  Size  Location     Type
                  1    wreg      void 
 Registers used:
		wreg, status,2, status,0, pclath, cstack
 Tracked objects:
		On entry : 
		On exit  : 
		Unchanged: 
 Data sizes:     COMMON   BANK0   BANK1   BANK2   BANK3   BANK4   BANK5   BANK6   BANK7   BANK8   BANK9  BANK10  BANK11  BANK12
      Params:         0       0       0       0       0       0       0       0       0       0       0       0       0       0
      Locals:         2       0       0       0       0       0       0       0       0       0       0       0       0       0
      Temps:          0       0       0       0       0       0       0       0       0       0       0       0       0       0
      Totals:         2       0       0       0       0       0       0       0       0       0       0       0       0       0
Total ram usage:        2 bytes
 Hardware stack levels used:    1
 Hardware stack levels required when called:    2
 This function calls:
		_DelayUs
 This function is called by:
		_ReadTemperature
 This function uses a non-reentrant model


 *************** function _POWER_INITIAL *****************
 Defined at:
		line 201 in file "Learn.C"
 Parameters:    Size  Location     Type
		None
 Auto vars:     Size  Location     Type
		None
 Return value:  Size  Location     Type
                  1    wreg      void 
 Registers used:
		wreg, status,2
 Tracked objects:
		On entry : 
		On exit  : 
		Unchanged: 
 Data sizes:     COMMON   BANK0   BANK1   BANK2   BANK3   BANK4   BANK5   BANK6   BANK7   BANK8   BANK9  BANK10  BANK11  BANK12
      Params:         0       0       0       0       0       0       0       0       0       0       0       0       0       0
      Locals:         0       0       0       0       0       0       0       0       0       0       0       0       0       0
      Temps:          0       0       0       0       0       0       0       0       0       0       0       0       0       0
      Totals:         0       0       0       0       0       0       0       0       0       0       0       0       0       0
Total ram usage:        0 bytes
 Hardware stack levels used:    1
 Hardware stack levels required when called:    1
 This function calls:
		Nothing
 This function is called by:
		_main
 This function uses a non-reentrant model


 *************** function _Init_MAX7219 *****************
 Defined at:
		line 334 in file "Learn.C"
 Parameters:    Size  Location     Type
		None
 Auto vars:     Size  Location     Type
		None
 Return value:  Size  Location     Type
                  1    wreg      void 
 Registers used:
		wreg, status,2, status,0, pclath, cstack
 Tracked objects:
		On entry : 
		On exit  : 
		Unchanged: 
 Data sizes:     COMMON   BANK0   BANK1   BANK2   BANK3   BANK4   BANK5   BANK6   BANK7   BANK8   BANK9  BANK10  BANK11  BANK12
      Params:         0       0       0       0       0       0       0       0       0       0       0       0       0       0
      Locals:         0       0       0       0       0       0       0       0       0       0       0       0       0       0
      Temps:          0       0       0       0       0       0       0       0       0       0       0       0       0       0
      Totals:         0       0       0       0       0       0       0       0       0       0       0       0       0       0
Total ram usage:        0 bytes
 Hardware stack levels used:    1
 Hardware stack levels required when called:    3
 This function calls:
		_Write_Max7219
 This function is called by:
		_main
 This function uses a non-reentrant model


 *************** function _Write_Max7219 *****************
 Defined at:
		line 320 in file "Learn.C"
 Parameters:    Size  Location     Type
  address         1    wreg     unsigned char 
  dat             1    9[COMMON] unsigned char 
 Auto vars:     Size  Location     Type
  address         1   10[COMMON] unsigned char 
 Return value:  Size  Location     Type
                  1    wreg      void 
 Registers used:
		wreg, status,2, status,0, pclath, cstack
 Tracked objects:
		On entry : 
		On exit  : 
		Unchanged: 
 Data sizes:     COMMON   BANK0   BANK1   BANK2   BANK3   BANK4   BANK5   BANK6   BANK7   BANK8   BANK9  BANK10  BANK11  BANK12
      Params:         1       0       0       0       0       0       0       0       0       0       0       0       0       0
      Locals:         1       0       0       0       0       0       0       0       0       0       0       0       0       0
      Temps:          0       0       0       0       0       0       0       0       0       0       0       0       0       0
      Totals:         2       0       0       0       0       0       0       0       0       0       0       0       0       0
Total ram usage:        2 bytes
 Hardware stack levels used:    1
 Hardware stack levels required when called:    2
 This function calls:
		_Write_Max7219_byte
 This function is called by:
		_Init_MAX7219
		_main
 This function uses a non-reentrant model


 *************** function _Write_Max7219_byte *****************
 Defined at:
		line 297 in file "Learn.C"
 Parameters:    Size  Location     Type
  DATA            1    wreg     unsigned char 
 Auto vars:     Size  Location     Type
  DATA            1    0[COMMON] unsigned char 
  i               1    1[COMMON] unsigned char 
 Return value:  Size  Location     Type
                  1    wreg      void 
 Registers used:
		wreg, status,2, status,0
 Tracked objects:
		On entry : 
		On exit  : 
		Unchanged: 
 Data sizes:     COMMON   BANK0   BANK1   BANK2   BANK3   BANK4   BANK5   BANK6   BANK7   BANK8   BANK9  BANK10  BANK11  BANK12
      Params:         0       0       0       0       0       0       0       0       0       0       0       0       0       0
      Locals:         2       0       0       0       0       0       0       0       0       0       0       0       0       0
      Temps:          0       0       0       0       0       0       0       0       0       0       0       0       0       0
      Totals:         2       0       0       0       0       0       0       0       0       0       0       0       0       0
Total ram usage:        2 bytes
 Hardware stack levels used:    1
 Hardware stack levels required when called:    1
 This function calls:
		Nothing
 This function is called by:
		_Write_Max7219
 This function uses a non-reentrant model


 *************** function _DelayS *****************
 Defined at:
		line 163 in file "Learn.C"
 Parameters:    Size  Location     Type
  Time            1    wreg     unsigned char 
 Auto vars:     Size  Location     Type
  Time            1    5[COMMON] unsigned char 
  b               1    7[COMMON] unsigned char 
  a               1    6[COMMON] unsigned char 
 Return value:  Size  Location     Type
                  1    wreg      void 
 Registers used:
		wreg, status,2, status,0, pclath, cstack
 Tracked objects:
		On entry : 
		On exit  : 
		Unchanged: 
 Data sizes:     COMMON   BANK0   BANK1   BANK2   BANK3   BANK4   BANK5   BANK6   BANK7   BANK8   BANK9  BANK10  BANK11  BANK12
      Params:         0       0       0       0       0       0       0       0       0       0       0       0       0       0
      Locals:         3       0       0       0       0       0       0       0       0       0       0       0       0       0
      Temps:          0       0       0       0       0       0       0       0       0       0       0       0       0       0
      Totals:         3       0       0       0       0       0       0       0       0       0       0       0       0       0
Total ram usage:        3 bytes
 Hardware stack levels used:    1
 Hardware stack levels required when called:    3
 This function calls:
		_DelayMs
 This function is called by:
		_main
 This function uses a non-reentrant model


 *************** function _DelayMs *****************
 Defined at:
		line 146 in file "Learn.C"
 Parameters:    Size  Location     Type
  Time            1    wreg     unsigned char 
 Auto vars:     Size  Location     Type
  Time            1    2[COMMON] unsigned char 
  b               1    4[COMMON] unsigned char 
  a               1    3[COMMON] unsigned char 
 Return value:  Size  Location     Type
                  1    wreg      void 
 Registers used:
		wreg, status,2, status,0, pclath, cstack
 Tracked objects:
		On entry : 
		On exit  : 
		Unchanged: 
 Data sizes:     COMMON   BANK0   BANK1   BANK2   BANK3   BANK4   BANK5   BANK6   BANK7   BANK8   BANK9  BANK10  BANK11  BANK12
      Params:         0       0       0       0       0       0       0       0       0       0       0       0       0       0
      Locals:         3       0       0       0       0       0       0       0       0       0       0       0       0       0
      Temps:          0       0       0       0       0       0       0       0       0       0       0       0       0       0
      Totals:         3       0       0       0       0       0       0       0       0       0       0       0       0       0
Total ram usage:        3 bytes
 Hardware stack levels used:    1
 Hardware stack levels required when called:    2
 This function calls:
		_DelayUs
 This function is called by:
		_DelayS
		_ReadTemperature
		_main
 This function uses a non-reentrant model


 *************** function _DelayUs *****************
 Defined at:
		line 132 in file "Learn.C"
 Parameters:    Size  Location     Type
  Time            1    wreg     unsigned char 
 Auto vars:     Size  Location     Type
  Time            1    0[COMMON] unsigned char 
  a               1    1[COMMON] unsigned char 
 Return value:  Size  Location     Type
                  1    wreg      void 
 Registers used:
		wreg, status,2, status,0
 Tracked objects:
		On entry : 
		On exit  : 
		Unchanged: 
 Data sizes:     COMMON   BANK0   BANK1   BANK2   BANK3   BANK4   BANK5   BANK6   BANK7   BANK8   BANK9  BANK10  BANK11  BANK12
      Params:         0       0       0       0       0       0       0       0       0       0       0       0       0       0
      Locals:         2       0       0       0       0       0       0       0       0       0       0       0       0       0
      Temps:          0       0       0       0       0       0       0       0       0       0       0       0       0       0
      Totals:         2       0       0       0       0       0       0       0       0       0       0       0       0       0
Total ram usage:        2 bytes
 Hardware stack levels used:    1
 Hardware stack levels required when called:    1
 This function calls:
		Nothing
 This function is called by:
		_DelayMs
		_Init_DS18B20
		_ReadOneChar
		_WriteOneChar
 This function uses a non-reentrant model


 *************** function _ISR *****************
 Defined at:
		line 61 in file "Learn.C"
 Parameters:    Size  Location     Type
		None
 Auto vars:     Size  Location     Type
		None
 Return value:  Size  Location     Type
                  1    wreg      void 
 Registers used:
		None
 Tracked objects:
		On entry : 
		On exit  : 
		Unchanged: 
 Data sizes:     COMMON   BANK0   BANK1   BANK2   BANK3   BANK4   BANK5   BANK6   BANK7   BANK8   BANK9  BANK10  BANK11  BANK12
      Params:         0       0       0       0       0       0       0       0       0       0       0       0       0       0
      Locals:         0       0       0       0       0       0       0       0       0       0       0       0       0       0
      Temps:          0       0       0       0       0       0       0       0       0       0       0       0       0       0
      Totals:         0       0       0       0       0       0       0       0       0       0       0       0       0       0
Total ram usage:        0 bytes
 Hardware stack levels used:    1
 This function calls:
		Nothing
 This function is called by:
		Interrupt level 1
 This function uses a non-reentrant model



MODULE INFORMATION

Module		Function		Class		Link	Load	Size
E:\c\CCompiler\Compiler\Compiler\data\sources\common\lwdiv.c
		___lwdiv       		CODE           	01CC	0000	38

E:\c\CCompiler\Compiler\Compiler\data\sources\common\lwdiv.c estimated size: 38

E:\c\CCompiler\Compiler\Compiler\data\sources\common\lbmod.c
		___lbmod       		CODE           	02CF	0000	25

E:\c\CCompiler\Compiler\Compiler\data\sources\common\lbmod.c estimated size: 25

E:\c\CCompiler\Compiler\Compiler\data\sources\common\lldiv.c
		___lldiv       		CODE           	008D	0000	64

E:\c\CCompiler\Compiler\Compiler\data\sources\common\lldiv.c estimated size: 64

Learn.C
		_Write_Max7219 		CODE           	0083	0000	11
		_DelayUs       		CODE           	0232	0000	10
		_ISR           		CODE           	0004	0000	10
		_WriteOneChar  		CODE           	01AB	0000	34
		_Init_MAX7219  		CODE           	0018	0000	25
		_main          		CODE           	0030	0000	84
		_DelayS        		CODE           	0272	0000	18
		_DelayMs       		CODE           	0261	0000	18
		_POWER_INITIAL 		CODE           	0283	0000	53
		_Write_Max7219_byte		CODE           	0102	0000	18
		_Init_DS18B20  		CODE           	0211	0000	34
		_ReadTemperature		CODE           	0113	0000	153
		_ReadOneChar   		CODE           	023B	0000	39

Learn.C estimated size: 507

E:\c\CCompiler\Compiler\Compiler\data\sources\common\lbdiv.c
		___lbdiv       		CODE           	02B7	0000	25

E:\c\CCompiler\Compiler\Compiler\data\sources\common\lbdiv.c estimated size: 25

E:\c\CCompiler\Compiler\Compiler\data\sources\common\Umul16.c
		___wmul        		CODE           	02E7	0000	22

E:\c\CCompiler\Compiler\Compiler\data\sources\common\Umul16.c estimated size: 22

shared
		PL8            		CODE           	0311	0000	6
		__initialization		CODE           	000F	0000	7
		_ad3nop        		CODE           	0003	0000	2
		PL2            		CODE           	02FC	0000	10
		PL4            		CODE           	0305	0000	8
		PL6            		CODE           	030C	0000	6

shared estimated size: 39

E:\c\CCompiler\Compiler\Compiler\data\sources\common\lwmod.c
		___lwmod       		CODE           	01F1	0000	33

E:\c\CCompiler\Compiler\Compiler\data\sources\common\lwmod.c estimated size: 33

E:\c\CCompiler\Compiler\Compiler\data\sources\common\llmod.c
		___llmod       		CODE           	00CC	0000	55

E:\c\CCompiler\Compiler\Compiler\data\sources\common\llmod.c estimated size: 55

